ARM Linker, 4.1 [Build 894] [Standard]

==============================================================================

Section Cross References

    main.o(.text) refers to bsp.o(.text) for RCC_Configuration
    main.o(.text) refers to pid.o(.text) for PID_Init
    main.o(.text) refers to pwm.o(.text) for PWM_Motor_Configuration
    main.o(.text) refers to mpu6050.o(.text) for InitMPU6050
    main.o(.text) refers to bsp.o(.bss) for Angle_PID
    mpu6050.o(.text) refers to i2c.o(.text) for Single_Write
    printf.o(.text) refers to stm32f10x_usart.o(.text) for USART_SendData
    pwm.o(.text) refers to stm32f10x_rcc.o(.text) for RCC_APB1PeriphClockCmd
    pwm.o(.text) refers to stm32f10x_tim.o(.text) for TIM_TimeBaseInit
    pwm.o(.text) refers to stm32f10x_gpio.o(.text) for GPIO_Init
    pwm.o(.text) refers to pwm.o(.data) for speed_dir
    filter.o(.text) refers to fadd.o(.text) for __aeabi_fadd
    filter.o(.text) refers to f2d.o(.text) for __aeabi_f2d
    filter.o(.text) refers to dmul.o(.text) for __aeabi_dmul
    filter.o(.text) refers to dadd.o(.text) for __aeabi_dadd
    filter.o(.text) refers to d2f.o(.text) for __aeabi_d2f
    filter.o(.text) refers to pow.o(i.pow) for pow
    filter.o(.text) refers to sqrt.o(i.sqrt) for sqrt
    filter.o(.text) refers to ddiv.o(.text) for __aeabi_ddiv
    filter.o(.text) refers to cfcmple.o(.text) for __aeabi_cfcmple
    filter.o(.text) refers to fmul.o(.text) for __aeabi_fmul
    pid.o(.text) refers to fadd.o(.text) for __aeabi_fsub
    pid.o(.text) refers to fmul.o(.text) for __aeabi_fmul
    pid.o(.text) refers to ffixi.o(.text) for __aeabi_f2iz
    pid.o(.text) refers to fflti.o(.text) for __aeabi_i2f
    pid.o(.text) refers to f2d.o(.text) for __aeabi_f2d
    pid.o(.text) refers to dmul.o(.text) for __aeabi_dmul
    pid.o(.text) refers to d2f.o(.text) for __aeabi_d2f
    pid.o(.text) refers to dadd.o(.text) for __aeabi_dadd
    pid.o(.text) refers to pid.o(.data) for spd_v
    bsp.o(.text) refers to stm32f10x_rcc.o(.text) for RCC_DeInit
    bsp.o(.text) refers to stm32f10x_flash.o(.text) for FLASH_PrefetchBufferCmd
    bsp.o(.text) refers to stm32f10x_gpio.o(.text) for GPIO_Init
    bsp.o(.text) refers to stm32f10x_usart.o(.text) for USART_ITConfig
    bsp.o(.text) refers to misc.o(.text) for NVIC_PriorityGroupConfig
    bsp.o(.text) refers to stm32f10x_exti.o(.text) for EXTI_ClearITPendingBit
    bsp.o(.text) refers to stm32f10x_tim.o(.text) for TIM_GetITStatus
    bsp.o(.text) refers to bsp.o(.data) for leftspeed
    bsp.o(.text) refers to mpu6050.o(.text) for READ_MPU6050
    bsp.o(.text) refers to dflti.o(.text) for __aeabi_i2d
    bsp.o(.text) refers to dadd.o(.text) for __aeabi_dadd
    bsp.o(.text) refers to dfixi.o(.text) for __aeabi_d2iz
    bsp.o(.text) refers to fflti.o(.text) for __aeabi_i2f
    bsp.o(.text) refers to fdiv.o(.text) for __aeabi_fdiv
    bsp.o(.text) refers to f2d.o(.text) for __aeabi_f2d
    bsp.o(.text) refers to asin.o(i.asin) for asin
    bsp.o(.text) refers to d2f.o(.text) for __aeabi_d2f
    bsp.o(.text) refers to dmul.o(.text) for __aeabi_dmul
    bsp.o(.text) refers to ddiv.o(.text) for __aeabi_ddiv
    bsp.o(.text) refers to fadd.o(.text) for __aeabi_fadd
    bsp.o(.text) refers to filter.o(.text) for Kaerman_Filter
    bsp.o(.text) refers to pid.o(.text) for PID_Cal_Ang
    bsp.o(.text) refers to pwm.o(.text) for PWM_Control
    bsp.o(.text) refers to pwm.o(.data) for speed_dir
    bsp.o(.text) refers to bsp.o(.bss) for Angle_PID
    stm32f10x_adc.o(.text) refers to stm32f10x_rcc.o(.text) for RCC_APB2PeriphResetCmd
    stm32f10x_bkp.o(.text) refers to stm32f10x_rcc.o(.text) for RCC_BackupResetCmd
    stm32f10x_can.o(.text) refers to stm32f10x_rcc.o(.text) for RCC_APB1PeriphResetCmd
    stm32f10x_cec.o(.text) refers to stm32f10x_rcc.o(.text) for RCC_APB1PeriphResetCmd
    stm32f10x_dac.o(.text) refers to stm32f10x_rcc.o(.text) for RCC_APB1PeriphResetCmd
    stm32f10x_gpio.o(.text) refers to stm32f10x_rcc.o(.text) for RCC_APB2PeriphResetCmd
    stm32f10x_i2c.o(.text) refers to stm32f10x_rcc.o(.text) for RCC_APB1PeriphResetCmd
    stm32f10x_pwr.o(.text) refers to stm32f10x_rcc.o(.text) for RCC_APB1PeriphResetCmd
    stm32f10x_rcc.o(.text) refers to stm32f10x_rcc.o(.data) for APBAHBPrescTable
    stm32f10x_spi.o(.text) refers to stm32f10x_rcc.o(.text) for RCC_APB2PeriphResetCmd
    stm32f10x_tim.o(.text) refers to stm32f10x_rcc.o(.text) for RCC_APB2PeriphResetCmd
    stm32f10x_usart.o(.text) refers to stm32f10x_rcc.o(.text) for RCC_APB2PeriphResetCmd
    stm32f10x_wwdg.o(.text) refers to stm32f10x_rcc.o(.text) for RCC_APB1PeriphResetCmd
    startup_stm32f10x_hd.o(RESET) refers to startup_stm32f10x_hd.o(STACK) for __initial_sp
    startup_stm32f10x_hd.o(RESET) refers to startup_stm32f10x_hd.o(.text) for Reset_Handler
    startup_stm32f10x_hd.o(RESET) refers to bsp.o(.text) for TIM2_IRQHandler
    startup_stm32f10x_hd.o(.text) refers to main.o(.text) for SystemInit
    startup_stm32f10x_hd.o(.text) refers to entry.o(.ARM.Collect$$$$00000000) for __main
    asin.o(i.__softfp_asin) refers (Special) to iusefp.o(.text) for __I$use$fp
    asin.o(i.__softfp_asin) refers to asin.o(i.asin) for asin
    asin.o(i.asin) refers (Special) to iusefp.o(.text) for __I$use$fp
    asin.o(i.asin) refers to dscalb.o(.text) for __ARM_scalbn
    asin.o(i.asin) refers to dmul.o(.text) for __aeabi_dmul
    asin.o(i.asin) refers to dadd.o(.text) for __aeabi_dadd
    asin.o(i.asin) refers to errno.o(i.__set_errno) for __set_errno
    asin.o(i.asin) refers to ddiv.o(.text) for __aeabi_ddiv
    asin.o(i.asin) refers to fpclassify.o(i.__ARM_fpclassify) for __ARM_fpclassify
    asin.o(i.asin) refers to dunder.o(i.__mathlib_dbl_underflow) for __mathlib_dbl_underflow
    asin.o(i.asin) refers to poly.o(i.__kernel_poly) for __kernel_poly
    asin.o(i.asin) refers to sqrt.o(i.sqrt) for sqrt
    asin.o(i.asin) refers to asin.o(.constdata) for .constdata
    asin.o(.constdata) refers (Special) to iusefp.o(.text) for __I$use$fp
    asin_x.o(i.____softfp_asin$lsc) refers (Special) to iusefp.o(.text) for __I$use$fp
    asin_x.o(i.____softfp_asin$lsc) refers to asin_x.o(i.__asin$lsc) for __asin$lsc
    asin_x.o(i.__asin$lsc) refers (Special) to iusefp.o(.text) for __I$use$fp
    asin_x.o(i.__asin$lsc) refers to dscalb.o(.text) for __ARM_scalbn
    asin_x.o(i.__asin$lsc) refers to dmul.o(.text) for __aeabi_dmul
    asin_x.o(i.__asin$lsc) refers to dadd.o(.text) for __aeabi_dadd
    asin_x.o(i.__asin$lsc) refers to errno.o(i.__set_errno) for __set_errno
    asin_x.o(i.__asin$lsc) refers to poly.o(i.__kernel_poly) for __kernel_poly
    asin_x.o(i.__asin$lsc) refers to ddiv.o(.text) for __aeabi_ddiv
    asin_x.o(i.__asin$lsc) refers to sqrt.o(i.sqrt) for sqrt
    asin_x.o(i.__asin$lsc) refers to asin_x.o(.constdata) for .constdata
    asin_x.o(.constdata) refers (Special) to iusefp.o(.text) for __I$use$fp
    pow.o(i.__softfp_pow) refers (Special) to iusefp.o(.text) for __I$use$fp
    pow.o(i.__softfp_pow) refers to pow.o(i.pow) for pow
    pow.o(i.pow) refers (Special) to iusefp.o(.text) for __I$use$fp
    pow.o(i.pow) refers to dadd.o(.text) for __aeabi_dadd
    pow.o(i.pow) refers to errno.o(i.__set_errno) for __set_errno
    pow.o(i.pow) refers to ddiv.o(.text) for __aeabi_ddiv
    pow.o(i.pow) refers to dscalb.o(.text) for __ARM_scalbn
    pow.o(i.pow) refers to sqrt.o(i.sqrt) for sqrt
    pow.o(i.pow) refers to dmul.o(.text) for __aeabi_dmul
    pow.o(i.pow) refers to dunder.o(i.__mathlib_dbl_underflow) for __mathlib_dbl_underflow
    pow.o(i.pow) refers to qnan.o(.constdata) for __mathlib_zero
    pow.o(i.pow) refers to poly.o(i.__kernel_poly) for __kernel_poly
    pow.o(i.pow) refers to dflti.o(.text) for __aeabi_i2d
    pow.o(i.pow) refers to cdrcmple.o(.text) for __aeabi_cdrcmple
    pow.o(i.pow) refers to pow.o(.constdata) for .constdata
    pow.o(i.pow) refers to fpclassify.o(i.__ARM_fpclassify) for __ARM_fpclassify
    pow.o(.constdata) refers (Special) to iusefp.o(.text) for __I$use$fp
    pow_x.o(i.____softfp_pow$lsc) refers (Special) to iusefp.o(.text) for __I$use$fp
    pow_x.o(i.____softfp_pow$lsc) refers to pow_x.o(i.__pow$lsc) for __pow$lsc
    pow_x.o(i.__pow$lsc) refers (Special) to iusefp.o(.text) for __I$use$fp
    pow_x.o(i.__pow$lsc) refers to dadd.o(.text) for __aeabi_dadd
    pow_x.o(i.__pow$lsc) refers to errno.o(i.__set_errno) for __set_errno
    pow_x.o(i.__pow$lsc) refers to ddiv.o(.text) for __aeabi_ddiv
    pow_x.o(i.__pow$lsc) refers to sqrt.o(i.sqrt) for sqrt
    pow_x.o(i.__pow$lsc) refers to dmul.o(.text) for __aeabi_dmul
    pow_x.o(i.__pow$lsc) refers to dflti.o(.text) for __aeabi_i2d
    pow_x.o(i.__pow$lsc) refers to dscalb.o(.text) for __ARM_scalbn
    pow_x.o(i.__pow$lsc) refers to qnan.o(.constdata) for __mathlib_zero
    pow_x.o(i.__pow$lsc) refers to pow_x.o(.constdata) for .constdata
    pow_x.o(i.__pow$lsc) refers to poly.o(i.__kernel_poly) for __kernel_poly
    pow_x.o(i.__pow$lsc) refers to cdrcmple.o(.text) for __aeabi_cdrcmple
    pow_x.o(.constdata) refers (Special) to iusefp.o(.text) for __I$use$fp
    sqrt.o(i.__softfp_sqrt) refers (Special) to iusefp.o(.text) for __I$use$fp
    sqrt.o(i.__softfp_sqrt) refers to dsqrt.o(.text) for _dsqrt
    sqrt.o(i.__softfp_sqrt) refers to errno.o(i.__set_errno) for __set_errno
    sqrt.o(i.sqrt) refers (Special) to iusefp.o(.text) for __I$use$fp
    sqrt.o(i.sqrt) refers to dsqrt.o(.text) for _dsqrt
    sqrt.o(i.sqrt) refers to errno.o(i.__set_errno) for __set_errno
    sqrt_x.o(i.____softfp_sqrt$lsc) refers (Special) to iusefp.o(.text) for __I$use$fp
    sqrt_x.o(i.____softfp_sqrt$lsc) refers to cdcmple.o(.text) for __aeabi_cdcmple
    sqrt_x.o(i.____softfp_sqrt$lsc) refers to errno.o(i.__set_errno) for __set_errno
    sqrt_x.o(i.____softfp_sqrt$lsc) refers to dsqrt.o(.text) for _dsqrt
    sqrt_x.o(i.__sqrt$lsc) refers (Special) to iusefp.o(.text) for __I$use$fp
    sqrt_x.o(i.__sqrt$lsc) refers to cdcmple.o(.text) for __aeabi_cdcmple
    sqrt_x.o(i.__sqrt$lsc) refers to errno.o(i.__set_errno) for __set_errno
    sqrt_x.o(i.__sqrt$lsc) refers to dsqrt.o(.text) for _dsqrt
    entry.o(.ARM.Collect$$$$00000000) refers (Special) to entry7b.o(.ARM.Collect$$$$00000008) for _main_clock
    entry.o(.ARM.Collect$$$$00000000) refers (Special) to entry8.o(.ARM.Collect$$$$00000009) for _main_init
    entry.o(.ARM.Collect$$$$00000000) refers (Special) to entry5.o(.ARM.Collect$$$$00000004) for _main_scatterload
    entry.o(.ARM.Collect$$$$00000000) refers (Special) to entry2.o(.ARM.Collect$$$$00000001) for _main_stk
    fadd.o(.text) refers (Special) to iusefp.o(.text) for __I$use$fp
    fadd.o(.text) refers to fepilogue.o(.text) for _float_epilogue
    fmul.o(.text) refers (Special) to iusefp.o(.text) for __I$use$fp
    fdiv.o(.text) refers (Special) to iusefp.o(.text) for __I$use$fp
    fdiv.o(.text) refers to fepilogue.o(.text) for _float_round
    dadd.o(.text) refers (Special) to iusefp.o(.text) for __I$use$fp
    dadd.o(.text) refers to llshl.o(.text) for __aeabi_llsl
    dadd.o(.text) refers to llsshr.o(.text) for __aeabi_lasr
    dadd.o(.text) refers to depilogue.o(.text) for _double_epilogue
    dmul.o(.text) refers (Special) to iusefp.o(.text) for __I$use$fp
    dmul.o(.text) refers to depilogue.o(.text) for _double_epilogue
    ddiv.o(.text) refers (Special) to iusefp.o(.text) for __I$use$fp
    ddiv.o(.text) refers to depilogue.o(.text) for _double_round
    fflti.o(.text) refers (Special) to iusefp.o(.text) for __I$use$fp
    fflti.o(.text) refers to fepilogue.o(.text) for _float_epilogue
    dflti.o(.text) refers (Special) to iusefp.o(.text) for __I$use$fp
    dflti.o(.text) refers to depilogue.o(.text) for _double_epilogue
    ffixi.o(.text) refers (Special) to iusefp.o(.text) for __I$use$fp
    dfixi.o(.text) refers (Special) to iusefp.o(.text) for __I$use$fp
    dfixi.o(.text) refers to llushr.o(.text) for __aeabi_llsr
    f2d.o(.text) refers (Special) to iusefp.o(.text) for __I$use$fp
    d2f.o(.text) refers (Special) to iusefp.o(.text) for __I$use$fp
    d2f.o(.text) refers to fepilogue.o(.text) for _float_round
    cfcmple.o(.text) refers (Special) to iusefp.o(.text) for __I$use$fp
    dunder.o(i.__mathlib_dbl_underflow) refers to dscalb.o(.text) for __ARM_scalbn
    fpclassify.o(i.__ARM_fpclassify) refers (Special) to iusefp.o(.text) for __I$use$fp
    poly.o(i.__kernel_poly) refers (Special) to iusefp.o(.text) for __I$use$fp
    poly.o(i.__kernel_poly) refers to dmul.o(.text) for __aeabi_dmul
    poly.o(i.__kernel_poly) refers to dadd.o(.text) for __aeabi_dadd
    qnan.o(.constdata) refers (Special) to iusefp.o(.text) for __I$use$fp
    entry2.o(.ARM.Collect$$$$00000001) refers to entry2.o(.ARM.Collect$$$$00002712) for __lit__00000000
    entry2.o(.ARM.Collect$$$$00002712) refers to startup_stm32f10x_hd.o(STACK) for __initial_sp
    entry2.o(__vectab_stack_and_reset_area) refers to startup_stm32f10x_hd.o(STACK) for __initial_sp
    entry2.o(__vectab_stack_and_reset_area) refers to entry.o(.ARM.Collect$$$$00000000) for __main
    entry5.o(.ARM.Collect$$$$00000004) refers to init.o(.text) for __scatterload
    entry8.o(.ARM.Collect$$$$00000009) refers to main.o(.text) for main
    errno.o(i.__aeabi_errno_addr) refers to errno.o(.data) for .data
    errno.o(i.__read_errno) refers to errno.o(.data) for .data
    errno.o(i.__set_errno) refers to errno.o(.data) for .data
    depilogue.o(.text) refers to llshl.o(.text) for __aeabi_llsl
    depilogue.o(.text) refers to llushr.o(.text) for __aeabi_llsr
    dsqrt.o(.text) refers to llushr.o(.text) for __aeabi_llsr
    dsqrt.o(.text) refers to depilogue.o(.text) for _double_round
    init.o(.text) refers to entry5.o(.ARM.Collect$$$$00000004) for __main_after_scatterload


==============================================================================

Removing Unused input sections from the image.

    Removing printf.o(.text), (60 bytes).
    Removing stm32f10x_adc.o(.text), (1084 bytes).
    Removing stm32f10x_bkp.o(.text), (172 bytes).
    Removing stm32f10x_can.o(.text), (2220 bytes).
    Removing stm32f10x_cec.o(.text), (288 bytes).
    Removing stm32f10x_crc.o(.text), (72 bytes).
    Removing stm32f10x_dac.o(.text), (360 bytes).
    Removing stm32f10x_dbgmcu.o(.text), (48 bytes).
    Removing stm32f10x_dma.o(.text), (592 bytes).
    Removing stm32f10x_fsmc.o(.text), (1560 bytes).
    Removing stm32f10x_i2c.o(.text), (980 bytes).
    Removing stm32f10x_iwdg.o(.text), (64 bytes).
    Removing stm32f10x_pwr.o(.text), (204 bytes).
    Removing stm32f10x_rtc.o(.text), (336 bytes).
    Removing stm32f10x_sdio.o(.text), (464 bytes).
    Removing stm32f10x_spi.o(.text), (784 bytes).
    Removing stm32f10x_wwdg.o(.text), (124 bytes).
    Removing core_cm3.o(.emb_text), (32 bytes).
    Removing startup_stm32f10x_hd.o(HEAP), (512 bytes).
    Removing cdcmple.o(.text), (40 bytes).

20 unused section(s) (total 9996 bytes) removed from the image.

==============================================================================

Image Symbol Table

    Local Symbols

    Symbol Name                              Value     Ov Type        Size  Object(Section)

    ../../asin.c                             0x00000000   Number         0  asin_x.o ABSOLUTE
    ../../asin.c                             0x00000000   Number         0  asin.o ABSOLUTE
    ../../dunder.c                           0x00000000   Number         0  dunder.o ABSOLUTE
    ../../fpclassify.c                       0x00000000   Number         0  fpclassify.o ABSOLUTE
    ../../microlib/d2f.c                     0x00000000   Number         0  d2f.o ABSOLUTE
    ../../microlib/errno.c                   0x00000000   Number         0  errno.o ABSOLUTE
    ../../microlib/f2d.c                     0x00000000   Number         0  f2d.o ABSOLUTE
    ../../microlib/fpadd.c                   0x00000000   Number         0  fadd.o ABSOLUTE
    ../../microlib/fpadd.c                   0x00000000   Number         0  dadd.o ABSOLUTE
    ../../microlib/fpdiv.c                   0x00000000   Number         0  ddiv.o ABSOLUTE
    ../../microlib/fpdiv.c                   0x00000000   Number         0  fdiv.o ABSOLUTE
    ../../microlib/fpepilogue.c              0x00000000   Number         0  fepilogue.o ABSOLUTE
    ../../microlib/fpepilogue.c              0x00000000   Number         0  depilogue.o ABSOLUTE
    ../../microlib/fpfix.c                   0x00000000   Number         0  ffixi.o ABSOLUTE
    ../../microlib/fpfix.c                   0x00000000   Number         0  dfixi.o ABSOLUTE
    ../../microlib/fpflt.c                   0x00000000   Number         0  dflti.o ABSOLUTE
    ../../microlib/fpflt.c                   0x00000000   Number         0  fflti.o ABSOLUTE
    ../../microlib/fpmul.c                   0x00000000   Number         0  dmul.o ABSOLUTE
    ../../microlib/fpmul.c                   0x00000000   Number         0  fmul.o ABSOLUTE
    ../../microlib/fpscalb.c                 0x00000000   Number         0  dscalb.o ABSOLUTE
    ../../microlib/fpsqrt.c                  0x00000000   Number         0  dsqrt.o ABSOLUTE
    ../../microlib/init/entry.s              0x00000000   Number         0  entry2.o ABSOLUTE
    ../../microlib/init/entry.s              0x00000000   Number         0  entry8.o ABSOLUTE
    ../../microlib/init/entry.s              0x00000000   Number         0  entry7b.o ABSOLUTE
    ../../microlib/init/entry.s              0x00000000   Number         0  entry7a.o ABSOLUTE
    ../../microlib/init/entry.s              0x00000000   Number         0  entry5.o ABSOLUTE
    ../../microlib/init/entry.s              0x00000000   Number         0  entry.o ABSOLUTE
    ../../microlib/longlong.c                0x00000000   Number         0  llshl.o ABSOLUTE
    ../../microlib/longlong.c                0x00000000   Number         0  llsshr.o ABSOLUTE
    ../../microlib/longlong.c                0x00000000   Number         0  llushr.o ABSOLUTE
    ../../microlib/stubs.s                   0x00000000   Number         0  iusefp.o ABSOLUTE
    ../../poly.c                             0x00000000   Number         0  poly.o ABSOLUTE
    ../../pow.c                              0x00000000   Number         0  pow_x.o ABSOLUTE
    ../../pow.c                              0x00000000   Number         0  pow.o ABSOLUTE
    ../../qnan.c                             0x00000000   Number         0  qnan.o ABSOLUTE
    ../../sqrt.c                             0x00000000   Number         0  sqrt.o ABSOLUTE
    ../../sqrt.c                             0x00000000   Number         0  sqrt_x.o ABSOLUTE
    Libraries\CMSIS\CM3\CoreSupport\core_cm3.c 0x00000000   Number         0  core_cm3.o ABSOLUTE
    Libraries\CMSIS\CM3\DeviceSupport\ST\STM32F10x\startup\arm\startup_stm32f10x_hd.s 0x00000000   Number         0  startup_stm32f10x_hd.o ABSOLUTE
    Libraries\STM32F10x_StdPeriph_Driver\src\misc.c 0x00000000   Number         0  misc.o ABSOLUTE
    Libraries\STM32F10x_StdPeriph_Driver\src\stm32f10x_adc.c 0x00000000   Number         0  stm32f10x_adc.o ABSOLUTE
    Libraries\STM32F10x_StdPeriph_Driver\src\stm32f10x_bkp.c 0x00000000   Number         0  stm32f10x_bkp.o ABSOLUTE
    Libraries\STM32F10x_StdPeriph_Driver\src\stm32f10x_can.c 0x00000000   Number         0  stm32f10x_can.o ABSOLUTE
    Libraries\STM32F10x_StdPeriph_Driver\src\stm32f10x_cec.c 0x00000000   Number         0  stm32f10x_cec.o ABSOLUTE
    Libraries\STM32F10x_StdPeriph_Driver\src\stm32f10x_crc.c 0x00000000   Number         0  stm32f10x_crc.o ABSOLUTE
    Libraries\STM32F10x_StdPeriph_Driver\src\stm32f10x_dac.c 0x00000000   Number         0  stm32f10x_dac.o ABSOLUTE
    Libraries\STM32F10x_StdPeriph_Driver\src\stm32f10x_dbgmcu.c 0x00000000   Number         0  stm32f10x_dbgmcu.o ABSOLUTE
    Libraries\STM32F10x_StdPeriph_Driver\src\stm32f10x_dma.c 0x00000000   Number         0  stm32f10x_dma.o ABSOLUTE
    Libraries\STM32F10x_StdPeriph_Driver\src\stm32f10x_exti.c 0x00000000   Number         0  stm32f10x_exti.o ABSOLUTE
    Libraries\STM32F10x_StdPeriph_Driver\src\stm32f10x_flash.c 0x00000000   Number         0  stm32f10x_flash.o ABSOLUTE
    Libraries\STM32F10x_StdPeriph_Driver\src\stm32f10x_fsmc.c 0x00000000   Number         0  stm32f10x_fsmc.o ABSOLUTE
    Libraries\STM32F10x_StdPeriph_Driver\src\stm32f10x_gpio.c 0x00000000   Number         0  stm32f10x_gpio.o ABSOLUTE
    Libraries\STM32F10x_StdPeriph_Driver\src\stm32f10x_i2c.c 0x00000000   Number         0  stm32f10x_i2c.o ABSOLUTE
    Libraries\STM32F10x_StdPeriph_Driver\src\stm32f10x_iwdg.c 0x00000000   Number         0  stm32f10x_iwdg.o ABSOLUTE
    Libraries\STM32F10x_StdPeriph_Driver\src\stm32f10x_pwr.c 0x00000000   Number         0  stm32f10x_pwr.o ABSOLUTE
    Libraries\STM32F10x_StdPeriph_Driver\src\stm32f10x_rcc.c 0x00000000   Number         0  stm32f10x_rcc.o ABSOLUTE
    Libraries\STM32F10x_StdPeriph_Driver\src\stm32f10x_rtc.c 0x00000000   Number         0  stm32f10x_rtc.o ABSOLUTE
    Libraries\STM32F10x_StdPeriph_Driver\src\stm32f10x_sdio.c 0x00000000   Number         0  stm32f10x_sdio.o ABSOLUTE
    Libraries\STM32F10x_StdPeriph_Driver\src\stm32f10x_spi.c 0x00000000   Number         0  stm32f10x_spi.o ABSOLUTE
    Libraries\STM32F10x_StdPeriph_Driver\src\stm32f10x_tim.c 0x00000000   Number         0  stm32f10x_tim.o ABSOLUTE
    Libraries\STM32F10x_StdPeriph_Driver\src\stm32f10x_usart.c 0x00000000   Number         0  stm32f10x_usart.o ABSOLUTE
    Libraries\STM32F10x_StdPeriph_Driver\src\stm32f10x_wwdg.c 0x00000000   Number         0  stm32f10x_wwdg.o ABSOLUTE
    Libraries\\CMSIS\\CM3\\CoreSupport\\core_cm3.c 0x00000000   Number         0  core_cm3.o ABSOLUTE
    cdcmple.s                                0x00000000   Number         0  cdcmple.o ABSOLUTE
    cdrcmple.s                               0x00000000   Number         0  cdrcmple.o ABSOLUTE
    cfcmple.s                                0x00000000   Number         0  cfcmple.o ABSOLUTE
    dc.s                                     0x00000000   Number         0  dc.o ABSOLUTE
    handlers.s                               0x00000000   Number         0  handlers.o ABSOLUTE
    init.s                                   0x00000000   Number         0  init.o ABSOLUTE
    source_code\APP\filter.c                 0x00000000   Number         0  filter.o ABSOLUTE
    source_code\APP\i2c.c                    0x00000000   Number         0  i2c.o ABSOLUTE
    source_code\APP\main.c                   0x00000000   Number         0  main.o ABSOLUTE
    source_code\APP\mpu6050.c                0x00000000   Number         0  mpu6050.o ABSOLUTE
    source_code\APP\pid.c                    0x00000000   Number         0  pid.o ABSOLUTE
    source_code\APP\printf.c                 0x00000000   Number         0  printf.o ABSOLUTE
    source_code\APP\pwm.c                    0x00000000   Number         0  pwm.o ABSOLUTE
    source_code\BSP\BSP.C                    0x00000000   Number         0  bsp.o ABSOLUTE
    RESET                                    0x08000000   Section      304  startup_stm32f10x_hd.o(RESET)
    .ARM.Collect$$$$00000000                 0x08000130   Section        0  entry.o(.ARM.Collect$$$$00000000)
    .ARM.Collect$$$$00000001                 0x08000130   Section        4  entry2.o(.ARM.Collect$$$$00000001)
    .ARM.Collect$$$$00000004                 0x08000134   Section        4  entry5.o(.ARM.Collect$$$$00000004)
    .ARM.Collect$$$$00000008                 0x08000138   Section        0  entry7b.o(.ARM.Collect$$$$00000008)
    .ARM.Collect$$$$00000009                 0x08000138   Section        8  entry8.o(.ARM.Collect$$$$00000009)
    .ARM.Collect$$$$00002712                 0x08000140   Section        4  entry2.o(.ARM.Collect$$$$00002712)
    __lit__00000000                          0x08000140   Data           4  entry2.o(.ARM.Collect$$$$00002712)
    .text                                    0x08000144   Section        0  main.o(.text)
    .text                                    0x0800019c   Section        0  i2c.o(.text)
    .text                                    0x080004a8   Section        0  mpu6050.o(.text)
    .text                                    0x08000560   Section        0  pwm.o(.text)
    .text                                    0x080007c4   Section        0  filter.o(.text)
    .text                                    0x08000928   Section        0  pid.o(.text)
    .text                                    0x08000a80   Section        0  bsp.o(.text)
    .text                                    0x08001324   Section        0  misc.o(.text)
    .text                                    0x08001400   Section        0  stm32f10x_exti.o(.text)
    .text                                    0x0800151c   Section        0  stm32f10x_flash.o(.text)
    .text                                    0x08001ad4   Section        0  stm32f10x_gpio.o(.text)
    .text                                    0x08001e2c   Section        0  stm32f10x_rcc.o(.text)
    .text                                    0x080021cc   Section        0  stm32f10x_tim.o(.text)
    TI4_Config                               0x08002657   Thumb Code   118  stm32f10x_tim.o(.text)
    TI3_Config                               0x080026df   Thumb Code   114  stm32f10x_tim.o(.text)
    TI2_Config                               0x08002767   Thumb Code   118  stm32f10x_tim.o(.text)
    TI1_Config                               0x080027ef   Thumb Code   106  stm32f10x_tim.o(.text)
    .text                                    0x08002f7c   Section        0  stm32f10x_usart.o(.text)
    .text                                    0x08003388   Section       36  startup_stm32f10x_hd.o(.text)
    .text                                    0x080033ac   Section        0  fadd.o(.text)
    .text                                    0x0800345c   Section        0  fmul.o(.text)
    .text                                    0x080034c8   Section        0  fdiv.o(.text)
    .text                                    0x08003548   Section        0  dadd.o(.text)
    .text                                    0x08003694   Section        0  dmul.o(.text)
    .text                                    0x08003774   Section        0  ddiv.o(.text)
    .text                                    0x08003852   Section        0  fflti.o(.text)
    .text                                    0x08003864   Section        0  dflti.o(.text)
    .text                                    0x08003886   Section        0  ffixi.o(.text)
    .text                                    0x080038b8   Section        0  dfixi.o(.text)
    .text                                    0x080038f6   Section        0  f2d.o(.text)
    .text                                    0x08003922   Section        0  d2f.o(.text)
    .text                                    0x0800395c   Section       20  cfcmple.o(.text)
    .text                                    0x08003970   Section        0  llshl.o(.text)
    .text                                    0x0800398e   Section        0  llushr.o(.text)
    .text                                    0x080039ae   Section        0  llsshr.o(.text)
    .text                                    0x080039d2   Section        0  iusefp.o(.text)
    .text                                    0x080039d2   Section        0  fepilogue.o(.text)
    .text                                    0x08003a3e   Section        0  depilogue.o(.text)
    .text                                    0x08003afc   Section        0  dscalb.o(.text)
    .text                                    0x08003b2a   Section        0  dsqrt.o(.text)
    .text                                    0x08003bcc   Section       40  cdrcmple.o(.text)
    .text                                    0x08003bf4   Section       36  init.o(.text)
    i.__ARM_fpclassify                       0x08003c18   Section        0  fpclassify.o(i.__ARM_fpclassify)
    i.__kernel_poly                          0x08003c40   Section        0  poly.o(i.__kernel_poly)
    i.__mathlib_dbl_underflow                0x08003cec   Section        0  dunder.o(i.__mathlib_dbl_underflow)
    i.__scatterload_copy                     0x08003cfc   Section       14  handlers.o(i.__scatterload_copy)
    i.__scatterload_null                     0x08003d0a   Section        2  handlers.o(i.__scatterload_null)
    i.__scatterload_zeroinit                 0x08003d0c   Section       14  handlers.o(i.__scatterload_zeroinit)
    i.__set_errno                            0x08003d1c   Section        0  errno.o(i.__set_errno)
    i.asin                                   0x08003d28   Section        0  asin.o(i.asin)
    i.pow                                    0x08003fa4   Section        0  pow.o(i.pow)
    i.sqrt                                   0x08004990   Section        0  sqrt.o(i.sqrt)
    .constdata                               0x080049e0   Section       80  asin.o(.constdata)
    pS                                       0x080049e0   Data          48  asin.o(.constdata)
    qS                                       0x08004a10   Data          32  asin.o(.constdata)
    .constdata                               0x08004a30   Section      136  pow.o(.constdata)
    bp                                       0x08004a30   Data          16  pow.o(.constdata)
    dp_h                                     0x08004a40   Data          16  pow.o(.constdata)
    dp_l                                     0x08004a50   Data          16  pow.o(.constdata)
    L                                        0x08004a60   Data          48  pow.o(.constdata)
    P                                        0x08004a90   Data          40  pow.o(.constdata)
    .constdata                               0x08004ab8   Section        8  qnan.o(.constdata)
    .data                                    0x20000000   Section        1  pwm.o(.data)
    .data                                    0x20000004   Section        8  pid.o(.data)
    .data                                    0x2000000c   Section       94  bsp.o(.data)
    .data                                    0x2000006a   Section       20  stm32f10x_rcc.o(.data)
    APBAHBPrescTable                         0x2000006a   Data          16  stm32f10x_rcc.o(.data)
    ADCPrescTable                            0x2000007a   Data           4  stm32f10x_rcc.o(.data)
    .data                                    0x20000080   Section        4  errno.o(.data)
    _errno                                   0x20000080   Data           4  errno.o(.data)
    .bss                                     0x20000084   Section       40  bsp.o(.bss)
    STACK                                    0x200000b0   Section     1024  startup_stm32f10x_hd.o(STACK)

    Global Symbols

    Symbol Name                              Value     Ov Type        Size  Object(Section)

    BuildAttributes$$THM_ISAv4$P$D$K$B$S$PE$A:L22UL41UL21$X:L11$S22US41US21$IEEE1$IW$USESV6$~STKCKD$USESV7$~SHL$OTIME$ROPI$IEEEX$EBA8$MICROLIB$REQ8$PRES8$EABIv2 0x00000000   Number         0  anon$$obj.o ABSOLUTE
    __ARM_use_no_argv                        0x00000000   Number         0  main.o ABSOLUTE
    __decompress                              - Undefined Weak Reference
    _clock_init                               - Undefined Weak Reference
    __Vectors_Size                           0x00000130   Number         0  startup_stm32f10x_hd.o ABSOLUTE
    __Vectors                                0x08000000   Data           4  startup_stm32f10x_hd.o(RESET)
    __Vectors_End                            0x08000130   Data           0  startup_stm32f10x_hd.o(RESET)
    __main                                   0x08000131   Thumb Code     0  entry.o(.ARM.Collect$$$$00000000)
    _main_stk                                0x08000131   Thumb Code     0  entry2.o(.ARM.Collect$$$$00000001)
    _main_scatterload                        0x08000135   Thumb Code     0  entry5.o(.ARM.Collect$$$$00000004)
    __main_after_scatterload                 0x08000139   Thumb Code     0  entry5.o(.ARM.Collect$$$$00000004)
    _main_clock                              0x08000139   Thumb Code     0  entry7b.o(.ARM.Collect$$$$00000008)
    _main_init                               0x08000139   Thumb Code     0  entry8.o(.ARM.Collect$$$$00000009)
    SystemInit                               0x08000145   Thumb Code     2  main.o(.text)
    main                                     0x08000147   Thumb Code    66  main.o(.text)
    I2C_delay                                0x0800019d   Thumb Code    14  i2c.o(.text)
    I2C_Start                                0x080001ab   Thumb Code   116  i2c.o(.text)
    I2C_SendByte                             0x0800021f   Thumb Code   106  i2c.o(.text)
    I2C_ReadByte                             0x08000289   Thumb Code    96  i2c.o(.text)
    I2C_SendAck                              0x080002e9   Thumb Code    88  i2c.o(.text)
    I2C_WaitAck                              0x08000341   Thumb Code   104  i2c.o(.text)
    I2C_Stop                                 0x080003a9   Thumb Code    74  i2c.o(.text)
    delayms                                  0x080003f3   Thumb Code    24  i2c.o(.text)
    Single_Write                             0x0800040b   Thumb Code    72  i2c.o(.text)
    Single_Read                              0x08000453   Thumb Code    82  i2c.o(.text)
    InitMPU6050                              0x080004a9   Thumb Code    54  mpu6050.o(.text)
    Cal_Init_angle                           0x080004df   Thumb Code     2  mpu6050.o(.text)
    READ_MPU6050                             0x080004e1   Thumb Code   126  mpu6050.o(.text)
    PWM_Motor_Configuration                  0x08000561   Thumb Code   150  pwm.o(.text)
    Cal_angle                                0x080005f7   Thumb Code   166  pwm.o(.text)
    Heart_TIM                                0x0800069d   Thumb Code   130  pwm.o(.text)
    PWM_Control                              0x0800071f   Thumb Code   146  pwm.o(.text)
    Kaerman_Filter                           0x080007c5   Thumb Code    82  filter.o(.text)
    Kalman_Filter                            0x08000817   Thumb Code   258  filter.o(.text)
    PID_Init                                 0x08000929   Thumb Code    16  pid.o(.text)
    PID_Cal_Ang                              0x08000939   Thumb Code    84  pid.o(.text)
    PID_Cal_Speed                            0x0800098d   Thumb Code   224  pid.o(.text)
    RCC_Configuration                        0x08000a81   Thumb Code   100  bsp.o(.text)
    GPIO_Configuration                       0x08000ae5   Thumb Code   248  bsp.o(.text)
    USART_Configuration                      0x08000bdd   Thumb Code   132  bsp.o(.text)
    NVIC_Configuration                       0x08000c61   Thumb Code   100  bsp.o(.text)
    EXTI_Configuration                       0x08000cc5   Thumb Code   104  bsp.o(.text)
    EXTI15_10_IRQHandler                     0x08000d2d   Thumb Code    64  bsp.o(.text)
    USART1_IRQHandler                        0x08000d6d   Thumb Code    24  bsp.o(.text)
    Remote_Scan                              0x08000d85   Thumb Code    94  bsp.o(.text)
    TIM3_IRQHandler                          0x08000de3   Thumb Code   180  bsp.o(.text)
    TIM2_IRQHandler                          0x08000e97   Thumb Code  1016  bsp.o(.text)
    NVIC_PriorityGroupConfig                 0x08001325   Thumb Code    10  misc.o(.text)
    NVIC_Init                                0x0800132f   Thumb Code   102  misc.o(.text)
    NVIC_SetVectorTable                      0x08001395   Thumb Code    14  misc.o(.text)
    NVIC_SystemLPConfig                      0x080013a3   Thumb Code    34  misc.o(.text)
    SysTick_CLKSourceConfig                  0x080013c5   Thumb Code    40  misc.o(.text)
    EXTI_DeInit                              0x08001401   Thumb Code    28  stm32f10x_exti.o(.text)
    EXTI_Init                                0x0800141d   Thumb Code   142  stm32f10x_exti.o(.text)
    EXTI_StructInit                          0x080014ab   Thumb Code    16  stm32f10x_exti.o(.text)
    EXTI_GenerateSWInterrupt                 0x080014bb   Thumb Code    16  stm32f10x_exti.o(.text)
    EXTI_GetFlagStatus                       0x080014cb   Thumb Code    22  stm32f10x_exti.o(.text)
    EXTI_ClearFlag                           0x080014e1   Thumb Code     8  stm32f10x_exti.o(.text)
    EXTI_GetITStatus                         0x080014e9   Thumb Code    34  stm32f10x_exti.o(.text)
    EXTI_ClearITPendingBit                   0x0800150b   Thumb Code     8  stm32f10x_exti.o(.text)
    FLASH_SetLatency                         0x0800151d   Thumb Code    18  stm32f10x_flash.o(.text)
    FLASH_HalfCycleAccessCmd                 0x0800152f   Thumb Code    22  stm32f10x_flash.o(.text)
    FLASH_PrefetchBufferCmd                  0x08001545   Thumb Code    22  stm32f10x_flash.o(.text)
    FLASH_Unlock                             0x0800155b   Thumb Code    12  stm32f10x_flash.o(.text)
    FLASH_UnlockBank1                        0x08001567   Thumb Code    12  stm32f10x_flash.o(.text)
    FLASH_Lock                               0x08001573   Thumb Code    14  stm32f10x_flash.o(.text)
    FLASH_LockBank1                          0x08001581   Thumb Code    14  stm32f10x_flash.o(.text)
    FLASH_GetBank1Status                     0x0800158f   Thumb Code    50  stm32f10x_flash.o(.text)
    FLASH_WaitForLastOperation               0x080015c1   Thumb Code    38  stm32f10x_flash.o(.text)
    FLASH_ErasePage                          0x080015e7   Thumb Code    72  stm32f10x_flash.o(.text)
    FLASH_EraseAllPages                      0x0800162f   Thumb Code    68  stm32f10x_flash.o(.text)
    FLASH_WaitForLastBank1Operation          0x08001673   Thumb Code    38  stm32f10x_flash.o(.text)
    FLASH_EraseAllBank1Pages                 0x08001699   Thumb Code    68  stm32f10x_flash.o(.text)
    FLASH_GetReadOutProtectionStatus         0x080016dd   Thumb Code    20  stm32f10x_flash.o(.text)
    FLASH_EraseOptionBytes                   0x080016f1   Thumb Code   150  stm32f10x_flash.o(.text)
    FLASH_ProgramWord                        0x08001787   Thumb Code    96  stm32f10x_flash.o(.text)
    FLASH_ProgramHalfWord                    0x080017e7   Thumb Code    60  stm32f10x_flash.o(.text)
    FLASH_ProgramOptionByteData              0x08001823   Thumb Code    72  stm32f10x_flash.o(.text)
    FLASH_EnableWriteProtection              0x0800186b   Thumb Code   200  stm32f10x_flash.o(.text)
    FLASH_ReadOutProtection                  0x08001933   Thumb Code   156  stm32f10x_flash.o(.text)
    FLASH_UserOptionByteConfig               0x080019cf   Thumb Code    88  stm32f10x_flash.o(.text)
    FLASH_GetUserOptionByte                  0x08001a27   Thumb Code     8  stm32f10x_flash.o(.text)
    FLASH_GetWriteProtectionOptionByte       0x08001a2f   Thumb Code     6  stm32f10x_flash.o(.text)
    FLASH_GetPrefetchBufferStatus            0x08001a35   Thumb Code    20  stm32f10x_flash.o(.text)
    FLASH_ITConfig                           0x08001a49   Thumb Code    26  stm32f10x_flash.o(.text)
    FLASH_GetFlagStatus                      0x08001a63   Thumb Code    42  stm32f10x_flash.o(.text)
    FLASH_ClearFlag                          0x08001a8d   Thumb Code     6  stm32f10x_flash.o(.text)
    FLASH_GetStatus                          0x08001a93   Thumb Code    50  stm32f10x_flash.o(.text)
    GPIO_DeInit                              0x08001ad5   Thumb Code   172  stm32f10x_gpio.o(.text)
    GPIO_AFIODeInit                          0x08001b81   Thumb Code    20  stm32f10x_gpio.o(.text)
    GPIO_Init                                0x08001b95   Thumb Code   274  stm32f10x_gpio.o(.text)
    GPIO_StructInit                          0x08001ca7   Thumb Code    16  stm32f10x_gpio.o(.text)
    GPIO_ReadInputDataBit                    0x08001cb7   Thumb Code    18  stm32f10x_gpio.o(.text)
    GPIO_ReadInputData                       0x08001cc9   Thumb Code     8  stm32f10x_gpio.o(.text)
    GPIO_ReadOutputDataBit                   0x08001cd1   Thumb Code    18  stm32f10x_gpio.o(.text)
    GPIO_ReadOutputData                      0x08001ce3   Thumb Code     8  stm32f10x_gpio.o(.text)
    GPIO_SetBits                             0x08001ceb   Thumb Code     4  stm32f10x_gpio.o(.text)
    GPIO_ResetBits                           0x08001cef   Thumb Code     4  stm32f10x_gpio.o(.text)
    GPIO_WriteBit                            0x08001cf3   Thumb Code    10  stm32f10x_gpio.o(.text)
    GPIO_Write                               0x08001cfd   Thumb Code     4  stm32f10x_gpio.o(.text)
    GPIO_PinLockConfig                       0x08001d01   Thumb Code    18  stm32f10x_gpio.o(.text)
    GPIO_EventOutputConfig                   0x08001d13   Thumb Code    26  stm32f10x_gpio.o(.text)
    GPIO_EventOutputCmd                      0x08001d2d   Thumb Code     6  stm32f10x_gpio.o(.text)
    GPIO_PinRemapConfig                      0x08001d33   Thumb Code   138  stm32f10x_gpio.o(.text)
    GPIO_EXTILineConfig                      0x08001dbd   Thumb Code    66  stm32f10x_gpio.o(.text)
    GPIO_ETH_MediaInterfaceConfig            0x08001dff   Thumb Code     6  stm32f10x_gpio.o(.text)
    RCC_DeInit                               0x08001e2d   Thumb Code    64  stm32f10x_rcc.o(.text)
    RCC_HSEConfig                            0x08001e6d   Thumb Code    70  stm32f10x_rcc.o(.text)
    RCC_GetFlagStatus                        0x08001eb3   Thumb Code    56  stm32f10x_rcc.o(.text)
    RCC_WaitForHSEStartUp                    0x08001eeb   Thumb Code    48  stm32f10x_rcc.o(.text)
    RCC_AdjustHSICalibrationValue            0x08001f1b   Thumb Code    20  stm32f10x_rcc.o(.text)
    RCC_HSICmd                               0x08001f2f   Thumb Code     6  stm32f10x_rcc.o(.text)
    RCC_PLLConfig                            0x08001f35   Thumb Code    24  stm32f10x_rcc.o(.text)
    RCC_PLLCmd                               0x08001f4d   Thumb Code     6  stm32f10x_rcc.o(.text)
    RCC_SYSCLKConfig                         0x08001f53   Thumb Code    18  stm32f10x_rcc.o(.text)
    RCC_GetSYSCLKSource                      0x08001f65   Thumb Code    10  stm32f10x_rcc.o(.text)
    RCC_HCLKConfig                           0x08001f6f   Thumb Code    18  stm32f10x_rcc.o(.text)
    RCC_PCLK1Config                          0x08001f81   Thumb Code    18  stm32f10x_rcc.o(.text)
    RCC_PCLK2Config                          0x08001f93   Thumb Code    20  stm32f10x_rcc.o(.text)
    RCC_ITConfig                             0x08001fa7   Thumb Code    30  stm32f10x_rcc.o(.text)
    RCC_USBCLKConfig                         0x08001fc5   Thumb Code     6  stm32f10x_rcc.o(.text)
    RCC_ADCCLKConfig                         0x08001fcb   Thumb Code    18  stm32f10x_rcc.o(.text)
    RCC_LSEConfig                            0x08001fdd   Thumb Code    44  stm32f10x_rcc.o(.text)
    RCC_LSICmd                               0x08002009   Thumb Code     6  stm32f10x_rcc.o(.text)
    RCC_RTCCLKConfig                         0x0800200f   Thumb Code    12  stm32f10x_rcc.o(.text)
    RCC_RTCCLKCmd                            0x0800201b   Thumb Code     8  stm32f10x_rcc.o(.text)
    RCC_GetClocksFreq                        0x08002023   Thumb Code   192  stm32f10x_rcc.o(.text)
    RCC_AHBPeriphClockCmd                    0x080020e3   Thumb Code    26  stm32f10x_rcc.o(.text)
    RCC_APB2PeriphClockCmd                   0x080020fd   Thumb Code    26  stm32f10x_rcc.o(.text)
    RCC_APB1PeriphClockCmd                   0x08002117   Thumb Code    26  stm32f10x_rcc.o(.text)
    RCC_APB2PeriphResetCmd                   0x08002131   Thumb Code    26  stm32f10x_rcc.o(.text)
    RCC_APB1PeriphResetCmd                   0x0800214b   Thumb Code    26  stm32f10x_rcc.o(.text)
    RCC_BackupResetCmd                       0x08002165   Thumb Code     8  stm32f10x_rcc.o(.text)
    RCC_ClockSecuritySystemCmd               0x0800216d   Thumb Code     6  stm32f10x_rcc.o(.text)
    RCC_MCOConfig                            0x08002173   Thumb Code     6  stm32f10x_rcc.o(.text)
    RCC_ClearFlag                            0x08002179   Thumb Code    14  stm32f10x_rcc.o(.text)
    RCC_GetITStatus                          0x08002187   Thumb Code    20  stm32f10x_rcc.o(.text)
    RCC_ClearITPendingBit                    0x0800219b   Thumb Code     6  stm32f10x_rcc.o(.text)
    TIM_DeInit                               0x080021cd   Thumb Code   424  stm32f10x_tim.o(.text)
    TIM_TimeBaseInit                         0x08002375   Thumb Code   122  stm32f10x_tim.o(.text)
    TIM_OC1Init                              0x080023ef   Thumb Code   132  stm32f10x_tim.o(.text)
    TIM_OC2Init                              0x08002473   Thumb Code   146  stm32f10x_tim.o(.text)
    TIM_OC3Init                              0x08002505   Thumb Code   142  stm32f10x_tim.o(.text)
    TIM_OC4Init                              0x08002593   Thumb Code   174  stm32f10x_tim.o(.text)
    TIM_SetIC4Prescaler                      0x08002641   Thumb Code    22  stm32f10x_tim.o(.text)
    TIM_SetIC3Prescaler                      0x080026cd   Thumb Code    18  stm32f10x_tim.o(.text)
    TIM_SetIC2Prescaler                      0x08002751   Thumb Code    22  stm32f10x_tim.o(.text)
    TIM_SetIC1Prescaler                      0x080027dd   Thumb Code    18  stm32f10x_tim.o(.text)
    TIM_ICInit                               0x08002859   Thumb Code   150  stm32f10x_tim.o(.text)
    TIM_PWMIConfig                           0x080028ef   Thumb Code   124  stm32f10x_tim.o(.text)
    TIM_BDTRConfig                           0x0800296b   Thumb Code    32  stm32f10x_tim.o(.text)
    TIM_TimeBaseStructInit                   0x0800298b   Thumb Code    18  stm32f10x_tim.o(.text)
    TIM_OCStructInit                         0x0800299d   Thumb Code    20  stm32f10x_tim.o(.text)
    TIM_ICStructInit                         0x080029b1   Thumb Code    18  stm32f10x_tim.o(.text)
    TIM_BDTRStructInit                       0x080029c3   Thumb Code    18  stm32f10x_tim.o(.text)
    TIM_Cmd                                  0x080029d5   Thumb Code    24  stm32f10x_tim.o(.text)
    TIM_CtrlPWMOutputs                       0x080029ed   Thumb Code    50  stm32f10x_tim.o(.text)
    TIM_ITConfig                             0x08002a1f   Thumb Code    24  stm32f10x_tim.o(.text)
    TIM_GenerateEvent                        0x08002a37   Thumb Code     4  stm32f10x_tim.o(.text)
    TIM_DMAConfig                            0x08002a3b   Thumb Code    10  stm32f10x_tim.o(.text)
    TIM_DMACmd                               0x08002a45   Thumb Code    24  stm32f10x_tim.o(.text)
    TIM_InternalClockConfig                  0x08002a5d   Thumb Code    12  stm32f10x_tim.o(.text)
    TIM_SelectInputTrigger                   0x08002a69   Thumb Code    18  stm32f10x_tim.o(.text)
    TIM_ITRxExternalClockConfig              0x08002a7b   Thumb Code    24  stm32f10x_tim.o(.text)
    TIM_TIxExternalClockConfig               0x08002a93   Thumb Code    62  stm32f10x_tim.o(.text)
    TIM_ETRConfig                            0x08002ad1   Thumb Code    24  stm32f10x_tim.o(.text)
    TIM_ETRClockMode1Config                  0x08002ae9   Thumb Code    54  stm32f10x_tim.o(.text)
    TIM_ETRClockMode2Config                  0x08002b1f   Thumb Code    32  stm32f10x_tim.o(.text)
    TIM_PrescalerConfig                      0x08002b3f   Thumb Code     6  stm32f10x_tim.o(.text)
    TIM_CounterModeConfig                    0x08002b45   Thumb Code    18  stm32f10x_tim.o(.text)
    TIM_EncoderInterfaceConfig               0x08002b57   Thumb Code    62  stm32f10x_tim.o(.text)
    TIM_ForcedOC1Config                      0x08002b95   Thumb Code    18  stm32f10x_tim.o(.text)
    TIM_ForcedOC2Config                      0x08002ba7   Thumb Code    22  stm32f10x_tim.o(.text)
    TIM_ForcedOC3Config                      0x08002bbd   Thumb Code    18  stm32f10x_tim.o(.text)
    TIM_ForcedOC4Config                      0x08002bcf   Thumb Code    22  stm32f10x_tim.o(.text)
    TIM_ARRPreloadConfig                     0x08002be5   Thumb Code    24  stm32f10x_tim.o(.text)
    TIM_SelectCOM                            0x08002bfd   Thumb Code    24  stm32f10x_tim.o(.text)
    TIM_SelectCCDMA                          0x08002c15   Thumb Code    24  stm32f10x_tim.o(.text)
    TIM_CCPreloadControl                     0x08002c2d   Thumb Code    24  stm32f10x_tim.o(.text)
    TIM_OC1PreloadConfig                     0x08002c45   Thumb Code    18  stm32f10x_tim.o(.text)
    TIM_OC2PreloadConfig                     0x08002c57   Thumb Code    22  stm32f10x_tim.o(.text)
    TIM_OC3PreloadConfig                     0x08002c6d   Thumb Code    18  stm32f10x_tim.o(.text)
    TIM_OC4PreloadConfig                     0x08002c7f   Thumb Code    22  stm32f10x_tim.o(.text)
    TIM_OC1FastConfig                        0x08002c95   Thumb Code    18  stm32f10x_tim.o(.text)
    TIM_OC2FastConfig                        0x08002ca7   Thumb Code    22  stm32f10x_tim.o(.text)
    TIM_OC3FastConfig                        0x08002cbd   Thumb Code    18  stm32f10x_tim.o(.text)
    TIM_OC4FastConfig                        0x08002ccf   Thumb Code    22  stm32f10x_tim.o(.text)
    TIM_ClearOC1Ref                          0x08002ce5   Thumb Code    18  stm32f10x_tim.o(.text)
    TIM_ClearOC2Ref                          0x08002cf7   Thumb Code    20  stm32f10x_tim.o(.text)
    TIM_ClearOC3Ref                          0x08002d0b   Thumb Code    18  stm32f10x_tim.o(.text)
    TIM_ClearOC4Ref                          0x08002d1d   Thumb Code    20  stm32f10x_tim.o(.text)
    TIM_OC1PolarityConfig                    0x08002d31   Thumb Code    18  stm32f10x_tim.o(.text)
    TIM_OC1NPolarityConfig                   0x08002d43   Thumb Code    18  stm32f10x_tim.o(.text)
    TIM_OC2PolarityConfig                    0x08002d55   Thumb Code    22  stm32f10x_tim.o(.text)
    TIM_OC2NPolarityConfig                   0x08002d6b   Thumb Code    22  stm32f10x_tim.o(.text)
    TIM_OC3PolarityConfig                    0x08002d81   Thumb Code    22  stm32f10x_tim.o(.text)
    TIM_OC3NPolarityConfig                   0x08002d97   Thumb Code    22  stm32f10x_tim.o(.text)
    TIM_OC4PolarityConfig                    0x08002dad   Thumb Code    22  stm32f10x_tim.o(.text)
    TIM_CCxCmd                               0x08002dc3   Thumb Code    34  stm32f10x_tim.o(.text)
    TIM_CCxNCmd                              0x08002de5   Thumb Code    34  stm32f10x_tim.o(.text)
    TIM_SelectOCxM                           0x08002e07   Thumb Code    82  stm32f10x_tim.o(.text)
    TIM_UpdateDisableConfig                  0x08002e59   Thumb Code    24  stm32f10x_tim.o(.text)
    TIM_UpdateRequestConfig                  0x08002e71   Thumb Code    24  stm32f10x_tim.o(.text)
    TIM_SelectHallSensor                     0x08002e89   Thumb Code    24  stm32f10x_tim.o(.text)
    TIM_SelectOnePulseMode                   0x08002ea1   Thumb Code    18  stm32f10x_tim.o(.text)
    TIM_SelectOutputTrigger                  0x08002eb3   Thumb Code    18  stm32f10x_tim.o(.text)
    TIM_SelectSlaveMode                      0x08002ec5   Thumb Code    18  stm32f10x_tim.o(.text)
    TIM_SelectMasterSlaveMode                0x08002ed7   Thumb Code    18  stm32f10x_tim.o(.text)
    TIM_SetCounter                           0x08002ee9   Thumb Code     4  stm32f10x_tim.o(.text)
    TIM_SetAutoreload                        0x08002eed   Thumb Code     4  stm32f10x_tim.o(.text)
    TIM_SetCompare1                          0x08002ef1   Thumb Code     4  stm32f10x_tim.o(.text)
    TIM_SetCompare2                          0x08002ef5   Thumb Code     4  stm32f10x_tim.o(.text)
    TIM_SetCompare3                          0x08002ef9   Thumb Code     4  stm32f10x_tim.o(.text)
    TIM_SetCompare4                          0x08002efd   Thumb Code     6  stm32f10x_tim.o(.text)
    TIM_SetClockDivision                     0x08002f03   Thumb Code    18  stm32f10x_tim.o(.text)
    TIM_GetCapture1                          0x08002f15   Thumb Code     6  stm32f10x_tim.o(.text)
    TIM_GetCapture2                          0x08002f1b   Thumb Code     6  stm32f10x_tim.o(.text)
    TIM_GetCapture3                          0x08002f21   Thumb Code     6  stm32f10x_tim.o(.text)
    TIM_GetCapture4                          0x08002f27   Thumb Code     8  stm32f10x_tim.o(.text)
    TIM_GetCounter                           0x08002f2f   Thumb Code     6  stm32f10x_tim.o(.text)
    TIM_GetPrescaler                         0x08002f35   Thumb Code     6  stm32f10x_tim.o(.text)
    TIM_GetFlagStatus                        0x08002f3b   Thumb Code    18  stm32f10x_tim.o(.text)
    TIM_ClearFlag                            0x08002f4d   Thumb Code     6  stm32f10x_tim.o(.text)
    TIM_GetITStatus                          0x08002f53   Thumb Code    34  stm32f10x_tim.o(.text)
    TIM_ClearITPendingBit                    0x08002f75   Thumb Code     6  stm32f10x_tim.o(.text)
    USART_DeInit                             0x08002f7d   Thumb Code   134  stm32f10x_usart.o(.text)
    USART_Init                               0x08003003   Thumb Code   210  stm32f10x_usart.o(.text)
    USART_StructInit                         0x080030d5   Thumb Code    24  stm32f10x_usart.o(.text)
    USART_ClockInit                          0x080030ed   Thumb Code    34  stm32f10x_usart.o(.text)
    USART_ClockStructInit                    0x0800310f   Thumb Code    12  stm32f10x_usart.o(.text)
    USART_Cmd                                0x0800311b   Thumb Code    24  stm32f10x_usart.o(.text)
    USART_ITConfig                           0x08003133   Thumb Code    74  stm32f10x_usart.o(.text)
    USART_DMACmd                             0x0800317d   Thumb Code    24  stm32f10x_usart.o(.text)
    USART_SetAddress                         0x08003195   Thumb Code    18  stm32f10x_usart.o(.text)
    USART_WakeUpConfig                       0x080031a7   Thumb Code    18  stm32f10x_usart.o(.text)
    USART_ReceiverWakeUpCmd                  0x080031b9   Thumb Code    24  stm32f10x_usart.o(.text)
    USART_LINBreakDetectLengthConfig         0x080031d1   Thumb Code    18  stm32f10x_usart.o(.text)
    USART_LINCmd                             0x080031e3   Thumb Code    24  stm32f10x_usart.o(.text)
    USART_SendData                           0x080031fb   Thumb Code     8  stm32f10x_usart.o(.text)
    USART_ReceiveData                        0x08003203   Thumb Code    10  stm32f10x_usart.o(.text)
    USART_SendBreak                          0x0800320d   Thumb Code    10  stm32f10x_usart.o(.text)
    USART_SetGuardTime                       0x08003217   Thumb Code    16  stm32f10x_usart.o(.text)
    USART_SetPrescaler                       0x08003227   Thumb Code    16  stm32f10x_usart.o(.text)
    USART_SmartCardCmd                       0x08003237   Thumb Code    24  stm32f10x_usart.o(.text)
    USART_SmartCardNACKCmd                   0x0800324f   Thumb Code    24  stm32f10x_usart.o(.text)
    USART_HalfDuplexCmd                      0x08003267   Thumb Code    24  stm32f10x_usart.o(.text)
    USART_OverSampling8Cmd                   0x0800327f   Thumb Code    22  stm32f10x_usart.o(.text)
    USART_OneBitMethodCmd                    0x08003295   Thumb Code    24  stm32f10x_usart.o(.text)
    USART_IrDAConfig                         0x080032ad   Thumb Code    18  stm32f10x_usart.o(.text)
    USART_IrDACmd                            0x080032bf   Thumb Code    24  stm32f10x_usart.o(.text)
    USART_GetFlagStatus                      0x080032d7   Thumb Code    26  stm32f10x_usart.o(.text)
    USART_ClearFlag                          0x080032f1   Thumb Code    18  stm32f10x_usart.o(.text)
    USART_GetITStatus                        0x08003303   Thumb Code    84  stm32f10x_usart.o(.text)
    USART_ClearITPendingBit                  0x08003357   Thumb Code    50  stm32f10x_usart.o(.text)
    Reset_Handler                            0x08003389   Thumb Code     8  startup_stm32f10x_hd.o(.text)
    NMI_Handler                              0x08003391   Thumb Code     2  startup_stm32f10x_hd.o(.text)
    HardFault_Handler                        0x08003393   Thumb Code     2  startup_stm32f10x_hd.o(.text)
    MemManage_Handler                        0x08003395   Thumb Code     2  startup_stm32f10x_hd.o(.text)
    BusFault_Handler                         0x08003397   Thumb Code     2  startup_stm32f10x_hd.o(.text)
    UsageFault_Handler                       0x08003399   Thumb Code     2  startup_stm32f10x_hd.o(.text)
    SVC_Handler                              0x0800339b   Thumb Code     2  startup_stm32f10x_hd.o(.text)
    DebugMon_Handler                         0x0800339d   Thumb Code     2  startup_stm32f10x_hd.o(.text)
    PendSV_Handler                           0x0800339f   Thumb Code     2  startup_stm32f10x_hd.o(.text)
    SysTick_Handler                          0x080033a1   Thumb Code     2  startup_stm32f10x_hd.o(.text)
    ADC1_2_IRQHandler                        0x080033a3   Thumb Code     0  startup_stm32f10x_hd.o(.text)
    ADC3_IRQHandler                          0x080033a3   Thumb Code     0  startup_stm32f10x_hd.o(.text)
    CAN1_RX1_IRQHandler                      0x080033a3   Thumb Code     0  startup_stm32f10x_hd.o(.text)
    CAN1_SCE_IRQHandler                      0x080033a3   Thumb Code     0  startup_stm32f10x_hd.o(.text)
    DMA1_Channel1_IRQHandler                 0x080033a3   Thumb Code     0  startup_stm32f10x_hd.o(.text)
    DMA1_Channel2_IRQHandler                 0x080033a3   Thumb Code     0  startup_stm32f10x_hd.o(.text)
    DMA1_Channel3_IRQHandler                 0x080033a3   Thumb Code     0  startup_stm32f10x_hd.o(.text)
    DMA1_Channel4_IRQHandler                 0x080033a3   Thumb Code     0  startup_stm32f10x_hd.o(.text)
    DMA1_Channel5_IRQHandler                 0x080033a3   Thumb Code     0  startup_stm32f10x_hd.o(.text)
    DMA1_Channel6_IRQHandler                 0x080033a3   Thumb Code     0  startup_stm32f10x_hd.o(.text)
    DMA1_Channel7_IRQHandler                 0x080033a3   Thumb Code     0  startup_stm32f10x_hd.o(.text)
    DMA2_Channel1_IRQHandler                 0x080033a3   Thumb Code     0  startup_stm32f10x_hd.o(.text)
    DMA2_Channel2_IRQHandler                 0x080033a3   Thumb Code     0  startup_stm32f10x_hd.o(.text)
    DMA2_Channel3_IRQHandler                 0x080033a3   Thumb Code     0  startup_stm32f10x_hd.o(.text)
    DMA2_Channel4_5_IRQHandler               0x080033a3   Thumb Code     0  startup_stm32f10x_hd.o(.text)
    EXTI0_IRQHandler                         0x080033a3   Thumb Code     0  startup_stm32f10x_hd.o(.text)
    EXTI1_IRQHandler                         0x080033a3   Thumb Code     0  startup_stm32f10x_hd.o(.text)
    EXTI2_IRQHandler                         0x080033a3   Thumb Code     0  startup_stm32f10x_hd.o(.text)
    EXTI3_IRQHandler                         0x080033a3   Thumb Code     0  startup_stm32f10x_hd.o(.text)
    EXTI4_IRQHandler                         0x080033a3   Thumb Code     0  startup_stm32f10x_hd.o(.text)
    EXTI9_5_IRQHandler                       0x080033a3   Thumb Code     0  startup_stm32f10x_hd.o(.text)
    FLASH_IRQHandler                         0x080033a3   Thumb Code     0  startup_stm32f10x_hd.o(.text)
    FSMC_IRQHandler                          0x080033a3   Thumb Code     0  startup_stm32f10x_hd.o(.text)
    I2C1_ER_IRQHandler                       0x080033a3   Thumb Code     0  startup_stm32f10x_hd.o(.text)
    I2C1_EV_IRQHandler                       0x080033a3   Thumb Code     0  startup_stm32f10x_hd.o(.text)
    I2C2_ER_IRQHandler                       0x080033a3   Thumb Code     0  startup_stm32f10x_hd.o(.text)
    I2C2_EV_IRQHandler                       0x080033a3   Thumb Code     0  startup_stm32f10x_hd.o(.text)
    PVD_IRQHandler                           0x080033a3   Thumb Code     0  startup_stm32f10x_hd.o(.text)
    RCC_IRQHandler                           0x080033a3   Thumb Code     0  startup_stm32f10x_hd.o(.text)
    RTCAlarm_IRQHandler                      0x080033a3   Thumb Code     0  startup_stm32f10x_hd.o(.text)
    RTC_IRQHandler                           0x080033a3   Thumb Code     0  startup_stm32f10x_hd.o(.text)
    SDIO_IRQHandler                          0x080033a3   Thumb Code     0  startup_stm32f10x_hd.o(.text)
    SPI1_IRQHandler                          0x080033a3   Thumb Code     0  startup_stm32f10x_hd.o(.text)
    SPI2_IRQHandler                          0x080033a3   Thumb Code     0  startup_stm32f10x_hd.o(.text)
    SPI3_IRQHandler                          0x080033a3   Thumb Code     0  startup_stm32f10x_hd.o(.text)
    TAMPER_IRQHandler                        0x080033a3   Thumb Code     0  startup_stm32f10x_hd.o(.text)
    TIM1_BRK_IRQHandler                      0x080033a3   Thumb Code     0  startup_stm32f10x_hd.o(.text)
    TIM1_CC_IRQHandler                       0x080033a3   Thumb Code     0  startup_stm32f10x_hd.o(.text)
    TIM1_TRG_COM_IRQHandler                  0x080033a3   Thumb Code     0  startup_stm32f10x_hd.o(.text)
    TIM1_UP_IRQHandler                       0x080033a3   Thumb Code     0  startup_stm32f10x_hd.o(.text)
    TIM4_IRQHandler                          0x080033a3   Thumb Code     0  startup_stm32f10x_hd.o(.text)
    TIM5_IRQHandler                          0x080033a3   Thumb Code     0  startup_stm32f10x_hd.o(.text)
    TIM6_IRQHandler                          0x080033a3   Thumb Code     0  startup_stm32f10x_hd.o(.text)
    TIM7_IRQHandler                          0x080033a3   Thumb Code     0  startup_stm32f10x_hd.o(.text)
    TIM8_BRK_IRQHandler                      0x080033a3   Thumb Code     0  startup_stm32f10x_hd.o(.text)
    TIM8_CC_IRQHandler                       0x080033a3   Thumb Code     0  startup_stm32f10x_hd.o(.text)
    TIM8_TRG_COM_IRQHandler                  0x080033a3   Thumb Code     0  startup_stm32f10x_hd.o(.text)
    TIM8_UP_IRQHandler                       0x080033a3   Thumb Code     0  startup_stm32f10x_hd.o(.text)
    UART4_IRQHandler                         0x080033a3   Thumb Code     0  startup_stm32f10x_hd.o(.text)
    UART5_IRQHandler                         0x080033a3   Thumb Code     0  startup_stm32f10x_hd.o(.text)
    USART2_IRQHandler                        0x080033a3   Thumb Code     0  startup_stm32f10x_hd.o(.text)
    USART3_IRQHandler                        0x080033a3   Thumb Code     0  startup_stm32f10x_hd.o(.text)
    USBWakeUp_IRQHandler                     0x080033a3   Thumb Code     0  startup_stm32f10x_hd.o(.text)
    USB_HP_CAN1_TX_IRQHandler                0x080033a3   Thumb Code     0  startup_stm32f10x_hd.o(.text)
    USB_LP_CAN1_RX0_IRQHandler               0x080033a3   Thumb Code     0  startup_stm32f10x_hd.o(.text)
    WWDG_IRQHandler                          0x080033a3   Thumb Code     0  startup_stm32f10x_hd.o(.text)
    __aeabi_fadd                             0x080033ad   Thumb Code   164  fadd.o(.text)
    __aeabi_fsub                             0x08003451   Thumb Code     6  fadd.o(.text)
    __aeabi_frsub                            0x08003457   Thumb Code     6  fadd.o(.text)
    __aeabi_fmul                             0x0800345d   Thumb Code   108  fmul.o(.text)
    __aeabi_fdiv                             0x080034c9   Thumb Code   128  fdiv.o(.text)
    __aeabi_dadd                             0x08003549   Thumb Code   320  dadd.o(.text)
    __aeabi_dsub                             0x08003689   Thumb Code     6  dadd.o(.text)
    __aeabi_drsub                            0x0800368f   Thumb Code     6  dadd.o(.text)
    __aeabi_dmul                             0x08003695   Thumb Code   224  dmul.o(.text)
    __aeabi_ddiv                             0x08003775   Thumb Code   222  ddiv.o(.text)
    __aeabi_i2f                              0x08003853   Thumb Code    18  fflti.o(.text)
    __aeabi_i2d                              0x08003865   Thumb Code    34  dflti.o(.text)
    __aeabi_f2iz                             0x08003887   Thumb Code    50  ffixi.o(.text)
    __aeabi_d2iz                             0x080038b9   Thumb Code    62  dfixi.o(.text)
    __aeabi_f2d                              0x080038f7   Thumb Code    44  f2d.o(.text)
    __aeabi_d2f                              0x08003923   Thumb Code    56  d2f.o(.text)
    __aeabi_cfcmpeq                          0x0800395d   Thumb Code     0  cfcmple.o(.text)
    __aeabi_cfcmple                          0x0800395d   Thumb Code    20  cfcmple.o(.text)
    __aeabi_llsl                             0x08003971   Thumb Code    30  llshl.o(.text)
    _ll_shift_l                              0x08003971   Thumb Code     0  llshl.o(.text)
    __aeabi_llsr                             0x0800398f   Thumb Code    32  llushr.o(.text)
    _ll_ushift_r                             0x0800398f   Thumb Code     0  llushr.o(.text)
    __aeabi_lasr                             0x080039af   Thumb Code    36  llsshr.o(.text)
    _ll_sshift_r                             0x080039af   Thumb Code     0  llsshr.o(.text)
    __I$use$fp                               0x080039d3   Thumb Code     0  iusefp.o(.text)
    _float_round                             0x080039d3   Thumb Code    18  fepilogue.o(.text)
    _float_epilogue                          0x080039e5   Thumb Code    90  fepilogue.o(.text)
    _double_round                            0x08003a3f   Thumb Code    26  depilogue.o(.text)
    _double_epilogue                         0x08003a59   Thumb Code   164  depilogue.o(.text)
    __ARM_scalbn                             0x08003afd   Thumb Code    46  dscalb.o(.text)
    scalbn                                   0x08003afd   Thumb Code     0  dscalb.o(.text)
    _dsqrt                                   0x08003b2b   Thumb Code   162  dsqrt.o(.text)
    __aeabi_cdrcmple                         0x08003bcd   Thumb Code    38  cdrcmple.o(.text)
    __scatterload                            0x08003bf5   Thumb Code    28  init.o(.text)
    __scatterload_rt2                        0x08003bf5   Thumb Code     0  init.o(.text)
    __ARM_fpclassify                         0x08003c19   Thumb Code    40  fpclassify.o(i.__ARM_fpclassify)
    __kernel_poly                            0x08003c41   Thumb Code   170  poly.o(i.__kernel_poly)
    __mathlib_dbl_underflow                  0x08003ced   Thumb Code    10  dunder.o(i.__mathlib_dbl_underflow)
    __scatterload_copy                       0x08003cfd   Thumb Code    14  handlers.o(i.__scatterload_copy)
    __scatterload_null                       0x08003d0b   Thumb Code     2  handlers.o(i.__scatterload_null)
    __scatterload_zeroinit                   0x08003d0d   Thumb Code    14  handlers.o(i.__scatterload_zeroinit)
    __set_errno                              0x08003d1d   Thumb Code     6  errno.o(i.__set_errno)
    asin                                     0x08003d29   Thumb Code   584  asin.o(i.asin)
    pow                                      0x08003fa5   Thumb Code  2522  pow.o(i.pow)
    sqrt                                     0x08004991   Thumb Code    76  sqrt.o(i.sqrt)
    __mathlib_zero                           0x08004ab8   Data           8  qnan.o(.constdata)
    Region$$Table$$Base                      0x08004ac0   Number         0  anon$$obj.o(Region$$Table)
    Region$$Table$$Limit                     0x08004ae0   Number         0  anon$$obj.o(Region$$Table)
    speed_dir                                0x20000000   Data           1  pwm.o(.data)
    spd_length                               0x20000004   Data           4  pid.o(.data)
    spd_v                                    0x20000008   Data           4  pid.o(.data)
    radian_filted                            0x2000000c   Data           4  bsp.o(.data)
    buf                                      0x20000010   Data           6  bsp.o(.data)
    distance                                 0x20000018   Data           4  bsp.o(.data)
    gyro_y                                   0x2000001c   Data           2  bsp.o(.data)
    radian_pt                                0x20000020   Data           4  bsp.o(.data)
    radian_temp1                             0x20000024   Data           4  bsp.o(.data)
    radian_temp2                             0x20000028   Data           4  bsp.o(.data)
    radian                                   0x2000002c   Data           4  bsp.o(.data)
    leftspeed                                0x20000030   Data           2  bsp.o(.data)
    rightspeed                               0x20000032   Data           2  bsp.o(.data)
    res_l                                    0x20000034   Data           2  bsp.o(.data)
    res_r                                    0x20000036   Data           2  bsp.o(.data)
    flag_l                                   0x20000038   Data           1  bsp.o(.data)
    flag_r                                   0x20000039   Data           1  bsp.o(.data)
    heart_flag                               0x2000003a   Data           1  bsp.o(.data)
    remote_flag                              0x2000003b   Data           1  bsp.o(.data)
    balan_pwm_ang                            0x2000003c   Data           4  bsp.o(.data)
    balan_pwm_spd                            0x20000040   Data           4  bsp.o(.data)
    balan_pwm                                0x20000044   Data           4  bsp.o(.data)
    control_data                             0x20000048   Data           1  bsp.o(.data)
    run_l                                    0x2000004c   Data           4  bsp.o(.data)
    run_r                                    0x20000050   Data           4  bsp.o(.data)
    first_time_flag                          0x20000054   Data           1  bsp.o(.data)
    RmtSta                                   0x20000055   Data           1  bsp.o(.data)
    RmtRec                                   0x20000058   Data           4  bsp.o(.data)
    RmtCnt                                   0x2000005c   Data           1  bsp.o(.data)
    dir                                      0x2000005d   Data           1  bsp.o(.data)
    acc_x                                    0x2000005e   Data           2  bsp.o(.data)
    acc_z                                    0x20000060   Data           2  bsp.o(.data)
    p                                        0x20000064   Data           4  bsp.o(.data)
    Dval                                     0x20000068   Data           2  bsp.o(.data)
    Angle_PID                                0x20000084   Data          20  bsp.o(.bss)
    Speed_PID                                0x20000098   Data          20  bsp.o(.bss)
    __initial_sp                             0x200004b0   Data           0  startup_stm32f10x_hd.o(STACK)



==============================================================================

Memory Map of the image

  Image Entry point : 0x08000131

  Load Region LR_IROM1 (Base: 0x08000000, Size: 0x00004b64, Max: 0x00010000, ABSOLUTE)

    Execution Region ER_IROM1 (Base: 0x08000000, Size: 0x00004ae0, Max: 0x00010000, ABSOLUTE)

    Base Addr    Size         Type   Attr      Idx    E Section Name        Object

    0x08000000   0x00000130   Data   RO          538    RESET               startup_stm32f10x_hd.o
    0x08000130   0x00000000   Code   RO          571  * .ARM.Collect$$$$00000000  mc_w.l(entry.o)
    0x08000130   0x00000004   Code   RO          607    .ARM.Collect$$$$00000001  mc_w.l(entry2.o)
    0x08000134   0x00000004   Code   RO          610    .ARM.Collect$$$$00000004  mc_w.l(entry5.o)
    0x08000138   0x00000000   Code   RO          612    .ARM.Collect$$$$00000008  mc_w.l(entry7b.o)
    0x08000138   0x00000008   Code   RO          613    .ARM.Collect$$$$00000009  mc_w.l(entry8.o)
    0x08000140   0x00000004   Code   RO          608    .ARM.Collect$$$$00002712  mc_w.l(entry2.o)
    0x08000144   0x00000058   Code   RO            1    .text               main.o
    0x0800019c   0x0000030c   Code   RO          132    .text               i2c.o
    0x080004a8   0x000000b6   Code   RO          147    .text               mpu6050.o
    0x0800055e   0x00000002   PAD
    0x08000560   0x00000264   Code   RO          177    .text               pwm.o
    0x080007c4   0x00000164   Code   RO          195    .text               filter.o
    0x08000928   0x00000158   Code   RO          210    .text               pid.o
    0x08000a80   0x000008a4   Code   RO          228    .text               bsp.o
    0x08001324   0x000000dc   Code   RO          247    .text               misc.o
    0x08001400   0x0000011c   Code   RO          355    .text               stm32f10x_exti.o
    0x0800151c   0x000005b8   Code   RO          367    .text               stm32f10x_flash.o
    0x08001ad4   0x00000358   Code   RO          391    .text               stm32f10x_gpio.o
    0x08001e2c   0x000003a0   Code   RO          439    .text               stm32f10x_rcc.o
    0x080021cc   0x00000dae   Code   RO          489    .text               stm32f10x_tim.o
    0x08002f7a   0x00000002   PAD
    0x08002f7c   0x0000040c   Code   RO          501    .text               stm32f10x_usart.o
    0x08003388   0x00000024   Code   RO          539    .text               startup_stm32f10x_hd.o
    0x080033ac   0x000000b0   Code   RO          574    .text               mf_w.l(fadd.o)
    0x0800345c   0x0000006c   Code   RO          576    .text               mf_w.l(fmul.o)
    0x080034c8   0x00000080   Code   RO          578    .text               mf_w.l(fdiv.o)
    0x08003548   0x0000014c   Code   RO          580    .text               mf_w.l(dadd.o)
    0x08003694   0x000000e0   Code   RO          582    .text               mf_w.l(dmul.o)
    0x08003774   0x000000de   Code   RO          584    .text               mf_w.l(ddiv.o)
    0x08003852   0x00000012   Code   RO          586    .text               mf_w.l(fflti.o)
    0x08003864   0x00000022   Code   RO          588    .text               mf_w.l(dflti.o)
    0x08003886   0x00000032   Code   RO          590    .text               mf_w.l(ffixi.o)
    0x080038b8   0x0000003e   Code   RO          592    .text               mf_w.l(dfixi.o)
    0x080038f6   0x0000002c   Code   RO          594    .text               mf_w.l(f2d.o)
    0x08003922   0x00000038   Code   RO          596    .text               mf_w.l(d2f.o)
    0x0800395a   0x00000002   PAD
    0x0800395c   0x00000014   Code   RO          598    .text               mf_w.l(cfcmple.o)
    0x08003970   0x0000001e   Code   RO          614    .text               mc_w.l(llshl.o)
    0x0800398e   0x00000020   Code   RO          616    .text               mc_w.l(llushr.o)
    0x080039ae   0x00000024   Code   RO          618    .text               mc_w.l(llsshr.o)
    0x080039d2   0x00000000   Code   RO          627    .text               mc_w.l(iusefp.o)
    0x080039d2   0x0000006c   Code   RO          628    .text               mf_w.l(fepilogue.o)
    0x08003a3e   0x000000be   Code   RO          630    .text               mf_w.l(depilogue.o)
    0x08003afc   0x0000002e   Code   RO          632    .text               mf_w.l(dscalb.o)
    0x08003b2a   0x000000a2   Code   RO          634    .text               mf_w.l(dsqrt.o)
    0x08003bcc   0x00000028   Code   RO          638    .text               mf_w.l(cdrcmple.o)
    0x08003bf4   0x00000024   Code   RO          640    .text               mc_w.l(init.o)
    0x08003c18   0x00000028   Code   RO          602    i.__ARM_fpclassify  m_ws.l(fpclassify.o)
    0x08003c40   0x000000aa   Code   RO          604    i.__kernel_poly     m_ws.l(poly.o)
    0x08003cea   0x00000002   PAD
    0x08003cec   0x00000010   Code   RO          600    i.__mathlib_dbl_underflow  m_ws.l(dunder.o)
    0x08003cfc   0x0000000e   Code   RO          644    i.__scatterload_copy  mc_w.l(handlers.o)
    0x08003d0a   0x00000002   Code   RO          645    i.__scatterload_null  mc_w.l(handlers.o)
    0x08003d0c   0x0000000e   Code   RO          646    i.__scatterload_zeroinit  mc_w.l(handlers.o)
    0x08003d1a   0x00000002   PAD
    0x08003d1c   0x0000000c   Code   RO          622    i.__set_errno       mc_w.l(errno.o)
    0x08003d28   0x0000027c   Code   RO          544    i.asin              m_ws.l(asin.o)
    0x08003fa4   0x000009ec   Code   RO          554    i.pow               m_ws.l(pow.o)
    0x08004990   0x0000004c   Code   RO          564    i.sqrt              m_ws.l(sqrt.o)
    0x080049dc   0x00000004   PAD
    0x080049e0   0x00000050   Data   RO          545    .constdata          m_ws.l(asin.o)
    0x08004a30   0x00000088   Data   RO          555    .constdata          m_ws.l(pow.o)
    0x08004ab8   0x00000008   Data   RO          606    .constdata          m_ws.l(qnan.o)
    0x08004ac0   0x00000020   Data   RO          642    Region$$Table       anon$$obj.o


    Execution Region RW_IRAM1 (Base: 0x20000000, Size: 0x000004b0, Max: 0x00005000, ABSOLUTE)

    Base Addr    Size         Type   Attr      Idx    E Section Name        Object

    0x20000000   0x00000001   Data   RW          178    .data               pwm.o
    0x20000001   0x00000003   PAD
    0x20000004   0x00000008   Data   RW          211    .data               pid.o
    0x2000000c   0x0000005e   Data   RW          230    .data               bsp.o
    0x2000006a   0x00000014   Data   RW          440    .data               stm32f10x_rcc.o
    0x2000007e   0x00000002   PAD
    0x20000080   0x00000004   Data   RW          623    .data               mc_w.l(errno.o)
    0x20000084   0x00000028   Zero   RW          229    .bss                bsp.o
    0x200000ac   0x00000004   PAD
    0x200000b0   0x00000400   Zero   RW          536    STACK               startup_stm32f10x_hd.o


==============================================================================

Image component sizes


      Code (inc. data)   RO Data    RW Data    ZI Data      Debug   Object Name

      2212        206          0         94         40       4452   bsp.o
         0          0          0          0          0         32   core_cm3.o
       356         16          0          0          0       1135   filter.o
       780          4          0          0          0       2698   i2c.o
        88         20          0          0          0     260650   main.o
       220         20          0          0          0       1745   misc.o
       182          0          0          0          0        982   mpu6050.o
       344         20          0          8          0       1956   pid.o
       612         20          0          1          0       1658   pwm.o
        36          8        304          0       1024        820   startup_stm32f10x_hd.o
       284         10          0          0          0       2207   stm32f10x_exti.o
      1464         32          0          0          0       8150   stm32f10x_flash.o
       856         40          0          0          0       5681   stm32f10x_gpio.o
       928         44          0         20          0       8800   stm32f10x_rcc.o
      3502         86          0          0          0      22852   stm32f10x_tim.o
      1036         20          0          0          0       8428   stm32f10x_usart.o

    ----------------------------------------------------------------------
     12904        546        336        128       1068     332246   Object Totals
         0          0         32          0          0          0   (incl. Generated)
         4          0          0          5          4          0   (incl. Padding)

    ----------------------------------------------------------------------

      Code (inc. data)   RO Data    RW Data    ZI Data      Debug   Library Member Name

       636         52         80          0          0        176   asin.o
        16          6          0          0          0         68   dunder.o
        40          0          0          0          0         68   fpclassify.o
       170          0          0          0          0         96   poly.o
      2540        192        136          0          0        340   pow.o
         0          0          8          0          0          0   qnan.o
        76          0          0          0          0         84   sqrt.o
         0          0          0          0          0          0   entry.o
         8          4          0          0          0          0   entry2.o
         4          0          0          0          0          0   entry5.o
         0          0          0          0          0          0   entry7b.o
         8          4          0          0          0          0   entry8.o
        12          6          0          4          0         68   errno.o
        30          0          0          0          0          0   handlers.o
        36          8          0          0          0         68   init.o
         0          0          0          0          0          0   iusefp.o
        30          0          0          0          0         68   llshl.o
        36          0          0          0          0         68   llsshr.o
        32          0          0          0          0         68   llushr.o
        40          2          0          0          0         68   cdrcmple.o
        20          0          0          0          0         68   cfcmple.o
        56          0          0          0          0         88   d2f.o
       332          0          0          0          0        148   dadd.o
       222          0          0          0          0        100   ddiv.o
       190          0          0          0          0        176   depilogue.o
        62          0          0          0          0         80   dfixi.o
        34          0          0          0          0         76   dflti.o
       224          0          0          0          0         96   dmul.o
        46          0          0          0          0         80   dscalb.o
       162          0          0          0          0        100   dsqrt.o
        44          0          0          0          0         68   f2d.o
       176          0          0          0          0        140   fadd.o
       128          0          0          0          0         88   fdiv.o
       108          0          0          0          0        168   fepilogue.o
        50          0          0          0          0         68   ffixi.o
        18          0          0          0          0         68   fflti.o
       108          0          0          0          0         76   fmul.o

    ----------------------------------------------------------------------
      5704        274        224          4          0       2928   Library Totals
        10          0          0          0          0          0   (incl. Padding)

    ----------------------------------------------------------------------

      Code (inc. data)   RO Data    RW Data    ZI Data      Debug   Library Name

      3478        250        224          0          0        832   m_ws.l
       196         22          0          4          0        340   mc_w.l
      2020          2          0          0          0       1756   mf_w.l

    ----------------------------------------------------------------------
      5704        274        224          4          0       2928   Library Totals

    ----------------------------------------------------------------------

==============================================================================


      Code (inc. data)   RO Data    RW Data    ZI Data      Debug   

     18608        820        560        132       1068     332262   Grand Totals
     18608        820        560        132       1068     332262   ELF Image Totals
     18608        820        560        132          0          0   ROM Totals

==============================================================================

    Total RO  Size (Code + RO Data)                19168 (  18.72kB)
    Total RW  Size (RW Data + ZI Data)              1200 (   1.17kB)
    Total ROM Size (Code + RO Data + RW Data)      19300 (  18.85kB)

==============================================================================

