<html>
<body>
<pre>
<h1>µVision Build Log</h1>
<h2>Project:</h2>
D:\Users\daxiong\Desktop\∆Ω∫‚–°≥µ\sourcecode\balancec.uvproj
Project File Date:  11/12/2015

<h2>Output:</h2>
Build target 'Target 1'
linking...
Program Size: Code=4996 RO-data=268 RW-data=20 ZI-data=1636  
"balancec.axf" - 0 Error(s), 0 Warning(s).
Build target 'Target 1'
linking...
Program Size: Code=4996 RO-data=268 RW-data=20 ZI-data=1636  
"balancec.axf" - 0 Error(s), 0 Warning(s).
Build target 'Target 1'
linking...
Program Size: Code=4996 RO-data=268 RW-data=20 ZI-data=1636  
"balancec.axf" - 0 Error(s), 0 Warning(s).
Clean started: Project: 'balancec'
   deleting intermediate output files for target 'Target 1'
Build target 'Target 1'
compiling i2c.c...
compiling main.c...
source_code\APP\main.c(28): warning:  #550-D: variable "p" was set but never used
compiling mpu6050.c...
compiling delay.c...
compiling BSP.C...
compiling misc.c...
compiling stm32f10x_adc.c...
compiling stm32f10x_bkp.c...
compiling stm32f10x_can.c...
compiling stm32f10x_cec.c...
compiling stm32f10x_crc.c...
compiling stm32f10x_dac.c...
compiling stm32f10x_dbgmcu.c...
compiling stm32f10x_dma.c...
compiling stm32f10x_exti.c...
compiling stm32f10x_flash.c...
compiling stm32f10x_fsmc.c...
compiling stm32f10x_gpio.c...
compiling stm32f10x_i2c.c...
compiling stm32f10x_iwdg.c...
compiling stm32f10x_pwr.c...
compiling stm32f10x_rcc.c...
compiling stm32f10x_rtc.c...
compiling stm32f10x_sdio.c...
compiling stm32f10x_spi.c...
compiling stm32f10x_tim.c...
compiling stm32f10x_usart.c...
compiling stm32f10x_wwdg.c...
assembling startup_stm32f10x_md.s...
startup_stm32f10x_md.s: error: A1023E: File "startup_stm32f10x_md.s" could not be opened: No such file or directory
Target not created
